error: `nested` cannot be used with other attributes
 --> tests/ui/02-nested-with-other-parameters.rs:5:17
  |
5 |     #[env(from, nested)]
  |                 ^^^^^^
