error: Unknown field: `invalid`
 --> tests/ui/05-unknown-parameter.rs:5:17
  |
5 |     #[env(from, invalid)]
  |                 ^^^^^^^
